Selected: YELLOW
Selected: YELLOW
Selected: YELLOW
Selected: YELLOW
Selected: YELLOW
Selected: YELLOW
Selected: YELLOW
Selected: YELLOW
Selected: YELLOW
Selected: YELLOW
Selected: YELLOW
Selected: YELLOW
Selected: YELLOW
Selected: YELLOW
Selected: YELLOW
Selected: ERASE
Selected: ERASE
Selected: ERASE
Selected: ERASE
Selected: ERASE
Selected: ERASE
Selected: ERASE
Selected: ERASE
Selected: RED
Selected: RED
Selected: RED
Selected: RED
Selected: RED
Selected: RED
Selected: RED
Selected: RED
Selected: RED
Selected: RED
Selected: RED
Selected: RED
Selected: RED
Selected: RED
Selected: RED
Selected: RED
Selected: BLUE
Selected: BLUE
Selected: BLUE
Selected: BLUE
Selected: BLUE
Selected: BLUE
Selected: BLUE
Selected: BLUE
Selected: BLUE
Selected: BLUE
Selected: BLUE
Selected: BLUE
Selected: BLUE
Selected: BLUE
Selected: BLUE
Selected: BLUE
Selected: BLUE
Selected: BLUE
Selected: BLUE
Selected: BLUE
Selected: GREEN
Selected: GREEN
Selected: GREEN
Selected: GREEN
Selected: GREEN
Selected: GREEN
Selected: GREEN
Selected: GREEN
Selected: GREEN
Selected: GREEN
Selected: GREEN
Selected: GREEN
Selected: GREEN
Selected: GREEN
Selected: GREEN
Selected: GREEN
Selected: GREEN
Selected: GREEN
Selected: GREEN
Selected: GREEN
Selected: GREEN
Selected: GREEN
Selected: BLUE
Selected: BLUE
Selected: ERASE
Selected: ERASE
Selected: RED
Selected: RED
Selected: RED
Selected: RED
Selected: RED
Selected: RED
Selected: RED
Selected: RED
Selected: RED
Selected: RED
Selected: RED
Selected: RED
Selected: RED
Selected: RED
Selected: RED
Selected: RED
Selected: RED
Selected: RED
Selected: RED
Selected: RED
Selected: RED
Selected: RED
Selected: RED
Selected: RED
Selected: RED
Selected: RED
Selected: ERASE
Selected: ERASE
Selected: ERASE
Selected: ERASE
Selected: ERASE
Selected: ERASE
Selected: YELLOW
Selected: YELLOW
Selected: YELLOW
Selected: YELLOW
Selected: YELLOW
Selected: ERASE
Selected: YELLOW
Selected: ERASE
Selected: ERASE
Selected: ERASE
Selected: ERASE
Selected: ERASE
Selected: ERASE
Selected: ERASE
Selected: ERASE
Selected: ERASE
Selected: ERASE
Selected: ERASE
Selected: ERASE
Selected: ERASE
Selected: ERASE
Selected: ERASE
Selected: ERASE
Selected: ERASE
Selected: ERASE
Selected: ERASE
Selected: ERASE
Selected: ERASE
Selected: ERASE
Selected: RED
Selected: RED
Selected: RED
Selected: RED
Selected: RED
Selected: RED
Selected: RED
